// Jest Snapshot v1, https://goo.gl/fbAQLP

exports[`renders correctly 1`] = `
<View
  style={
    Object {
      "flex": 1,
    }
  }
>
  <ActivityIndicator
    color="#009c97"
    size="large"
  />
</View>
`;
